--------- beginning of main
09-26 11:56:50.263 18680 18682 I cmd     : oneway function results will be dropped but finished with status OK and parcel size 4
09-26 11:56:50.281  8683  8683 I abb     : StartCommandInProcess(73657474696e67730067657400656e61 settings.get.ena [truncated])
09-26 11:56:50.287  8683 14032 I abb     : oneway function results will be dropped but finished with status OK and parcel size 4
09-26 11:56:50.290  8683  8683 I abb     : StartCommandInProcess(7061636b61676500696e7374616c6c00 package.install. [truncated])
09-26 11:56:50.283   520   520 W Binder:520_10: type=1400 audit(0.0:1693): avc: denied { getopt } for scontext=u:r:system_server:s0 tcontext=u:r:shell:s0 tclass=unix_stream_socket permissive=0
--------- beginning of system
09-26 11:56:50.408   520   581 I PackageManager: Integrity check passed for file:///data/app/vmdl664191295.tmp
09-26 11:56:50.283   520   520 I chatty  : uid=1000(system) Binder:520_3 identical 2 lines
09-26 11:56:50.343   520   520 W Binder:520_10: type=1400 audit(0.0:1696): avc: denied { getopt } for scontext=u:r:system_server:s0 tcontext=u:r:shell:s0 tclass=unix_stream_socket permissive=0
09-26 11:56:50.490   424 14221 E installd: Couldn't opendir /data/app/vmdl664191295.tmp: No such file or directory
09-26 11:56:50.490   424 14221 E installd: Failed to delete /data/app/vmdl664191295.tmp: No such file or directory
09-26 11:56:50.494  8683 14032 I abb     : oneway function results will be dropped but finished with status OK and parcel size 4
09-26 11:56:50.487   520   520 W Binder:520_10: type=1400 audit(0.0:1697): avc: denied { getopt } for scontext=u:r:system_server:s0 tcontext=u:r:shell:s0 tclass=unix_stream_socket permissive=0
09-26 11:56:50.513  1529  1529 I MediaProvider: Invalidating LocalCallingIdentity cache for package io.github.ylimit.droidbotapp. Reason: package android.intent.action.PACKAGE_ADDED
09-26 11:56:50.487   520   520 W Binder:520_10: type=1400 audit(0.0:1698): avc: denied { getopt } for scontext=u:r:system_server:s0 tcontext=u:r:shell:s0 tclass=unix_stream_socket permissive=0
09-26 11:56:50.526   520   555 I RoleManagerService: Granting default roles...
09-26 11:56:50.495   520   520 W Binder:520_10: type=1400 audit(0.0:1699): avc: denied { getopt } for scontext=u:r:system_server:s0 tcontext=u:r:shell:s0 tclass=unix_stream_socket permissive=0
09-26 11:56:50.532   520   610 I InputReader: Reconfiguring input devices, changes=KEYBOARD_LAYOUTS | 
09-26 11:56:50.559  3719  3719 I GsaVoiceInteractionSrv: O received Intent { act=android.intent.action.PACKAGE_ADDED dat=package:io.github.ylimit.droidbotapp flg=0x4000010 (has extras) }
09-26 11:56:50.562  5610  5610 I Finsky  : [2] ycb.d(13): PackageMonitorReceiverImpl - Received: android.intent.action.PACKAGE_ADDED, [m032oN4Bw6BabH6UJwtCtXJhEYwDf3cNV32qmzSp9l0]
09-26 11:56:50.562  5610  5610 I Finsky  : [2] ydc.g(1): Invalidating cached PackageState for io.github.ylimit.droidbotapp
09-26 11:56:50.597 18689 18691 I cmd     : oneway function results will be dropped but finished with status OK and parcel size 4
09-26 11:56:50.597  5610  5610 I Finsky  : [2] ouk.d(2): Frosting ID looked up on UI thread. Caller should move to a background thread.
09-26 11:56:50.609   520   554 W BroadcastQueue: Background execution not allowed: receiving Intent { act=android.intent.action.PACKAGE_ADDED dat=package:io.github.ylimit.droidbotapp flg=0x4000010 (has extras) } to com.google.android.packageinstaller/com.android.packageinstaller.PackageInstalledReceiver
09-26 11:56:50.628   520   564 W BroadcastQueue: Background execution not allowed: receiving Intent { act=android.intent.action.PACKAGE_ADDED dat=package:io.github.ylimit.droidbotapp flg=0x4000010 (has extras) } to com.android.vending/com.google.android.finsky.packagemanager.impl.PackageMonitorReceiverImpl$RegisteredReceiver
09-26 11:56:50.631   520   564 W BroadcastQueue: Background execution not allowed: receiving Intent { act=android.intent.action.PACKAGE_ADDED dat=package:io.github.ylimit.droidbotapp flg=0x4000010 (has extras) } to com.google.android.gms/.games.chimera.GamesSystemBroadcastReceiverProxy
09-26 11:56:50.632   520   564 W BroadcastQueue: Background execution not allowed: receiving Intent { act=android.intent.action.PACKAGE_ADDED dat=package:io.github.ylimit.droidbotapp flg=0x4000010 (has extras) } to com.google.android.gms/.gass.chimera.PackageChangeBroadcastReceiver
09-26 11:56:50.632   520   564 W BroadcastQueue: Background execution not allowed: receiving Intent { act=android.intent.action.PACKAGE_ADDED dat=package:io.github.ylimit.droidbotapp flg=0x4000010 (has extras) } to com.google.android.gms/.chimera.GmsIntentOperationService$PersistentTrustedReceiver
09-26 11:56:50.632   520   564 W BroadcastQueue: Background execution not allowed: receiving Intent { act=android.intent.action.PACKAGE_ADDED dat=package:io.github.ylimit.droidbotapp flg=0x4000010 (has extras) } to com.google.android.googlequicksearchbox/com.google.android.apps.gsa.googlequicksearchbox.GelStubAppWatcher
09-26 11:56:50.633   520   564 W BroadcastQueue: Background execution not allowed: receiving Intent { act=android.intent.action.PACKAGE_ADDED dat=package:io.github.ylimit.droidbotapp flg=0x4000010 (has extras) } to com.google.android.ims/.receivers.RcsAutoStartReceiver
09-26 11:56:50.647   520   520 W Looper  : Slow dispatch took 100ms main h=android.app.ActivityThread$H c=android.app.-$$Lambda$LoadedApk$ReceiverDispatcher$Args$_BumDX2UKsnxLVrE6UJsJZkotuA@fcccb0f m=0
09-26 11:56:50.656  5610 18692 I Finsky  : [849] otx.run(16): Wrote row to frosting DB: 232
09-26 11:56:50.664  5610  5610 I Finsky  : [2] alxk.a(3): Do not start WearSupportService due to Wear service optimization
09-26 11:56:50.669   520   520 I Telecom : DefaultDialerCache: Refreshing default dialer for user 0: now com.android.dialer: DDC.oR@AUQ
09-26 11:56:50.665  5610  5610 I Finsky  : [2] alxk.a(3): Do not start WearSupportService due to Wear service optimization
09-26 11:56:50.673  5610  5610 I Finsky  : [2] adxl.a(8): Clearing split related stale data.
09-26 11:56:50.679  5610 18697 I Finsky  : [851] gvx.a(12): Asset module storage cleared for package io.github.ylimit.droidbotapp.
09-26 11:56:50.710  5610  5610 I Finsky  : [2] ouk.d(2): Frosting ID looked up on UI thread. Caller should move to a background thread.
09-26 11:56:50.753  5610 18692 I Finsky  : [849] otx.run(16): Wrote row to frosting DB: 233
09-26 11:56:50.786   520   565 W ActivityManager: Slow operation: 153ms so far, now at startProcess: returned from zygote!
09-26 11:56:50.787   520   565 W ActivityManager: Slow operation: 153ms so far, now at startProcess: done updating battery stats
09-26 11:56:50.787   520   565 W ActivityManager: Slow operation: 153ms so far, now at startProcess: building log message
09-26 11:56:50.787   520   565 I ActivityManager: Start proc 18707:com.google.android.packageinstaller/u0a74 for broadcast {com.google.android.packageinstaller/com.android.packageinstaller.PackageInstalledReceiver}
09-26 11:56:50.787   520   565 W ActivityManager: Slow operation: 153ms so far, now at startProcess: starting to update pids map
09-26 11:56:50.787   520   565 W ActivityManager: Slow operation: 154ms so far, now at startProcess: done updating pids map
09-26 11:56:50.807 18707 18707 W ackageinstalle: Unexpected CPU variant for X86 using defaults: x86
09-26 11:56:50.819 18707 18707 E ackageinstalle: Not starting debugger since process cannot load the jdwp agent.
09-26 11:56:50.860 18546 18566 I ProvidersCache: Provider returned no roots. Possibly naughty: com.google.android.apps.docs.storage
09-26 11:56:50.877 18727 18732 I cmd     : oneway function results will be dropped but finished with status OK and parcel size 4
09-26 11:56:50.900 18707 18707 I ackageinstalle: The ClassLoaderContext is a special shared library.
09-26 11:56:50.969   520   520 W Looper  : Slow dispatch took 292ms main h=android.app.ActivityThread$H c=android.app.-$$Lambda$LoadedApk$ReceiverDispatcher$Args$_BumDX2UKsnxLVrE6UJsJZkotuA@fe0b9e8 m=0
09-26 11:56:50.969   520   555 W Looper  : Slow dispatch took 204ms android.fg h=com.android.server.AppStateTracker$MyHandler c=null m=0
09-26 11:56:50.969   520   555 W Looper  : Slow delivery took 329ms android.fg h=com.android.server.AppStateTracker$MyHandler c=null m=1
09-26 11:56:50.969   520   520 W Looper  : Slow delivery took 358ms main h=com.android.server.job.controllers.QuotaController$QcHandler c=null m=3
09-26 11:56:51.021  7539 18739 I FontLog : Package io.github.ylimit.droidbotapp has no metadata [CONTEXT service_id=132 ]
09-26 11:56:51.022  7539 18739 W GCM     : Unexpected forwarded intent: Intent { act=android.intent.action.PACKAGE_ADDED dat=package:io.github.ylimit.droidbotapp flg=0x4000010 pkg=com.google.android.gms cmp=com.google.android.gms/.chimera.PersistentIntentOperationService (has extras) }
09-26 11:56:51.025  7539 18740 W GCM     : Unexpected forwarded intent: Intent { act=android.intent.action.PACKAGE_ADDED dat=package:io.github.ylimit.droidbotapp flg=0x4000010 pkg=com.google.android.gms cmp=com.google.android.gms/.chimera.PersistentIntentOperationService (has extras) }
09-26 11:56:51.026 13845 13863 I PermissionControllerServiceImpl: Updating user sensitive for uid 10172
09-26 11:56:51.048  8316 18738 I Auth    : [SupervisedAccountIntentOperation] onHandleIntent(): android.intent.action.PACKAGE_ADDED
09-26 11:56:51.063  8316 18738 I BlockstoreStorage: Clearing Blockstore Data for package io.github.ylimit.droidbotapp [CONTEXT service_id=258 ]
09-26 11:56:51.065  8316 18738 I BlockstoreStorage: No metadata found. Skipping deletion. [CONTEXT service_id=258 ]
09-26 11:56:51.065  1068  1081 I m.android.phon: Background young concurrent copying GC freed 33434(2069KB) AllocSpace objects, 0(0B) LOS objects, 25% free, 3954KB/5327KB, paused 1.563ms total 150.240ms
09-26 11:56:51.094   520   520 W Looper  : Slow dispatch took 108ms main h=com.android.server.job.JobSchedulerService$JobHandler c=null m=1
09-26 11:56:51.129   520   520 W Looper  : Drained
09-26 11:56:51.174   945  2185 E FrameEvents: updateAcquireFence: Did not find frame.
09-26 11:56:51.214  5610  5610 I Finsky  : [2] abwt.b(5): SCH: Jobs in database: 1-1337 3-3 3-4 12-1 24-77777777 26-1414141414 
09-26 11:56:51.217  5610  5610 I Finsky  : [2] abvf.d(37): SCH: ConstraintMapping: 24-77777777,  -> L: 0ms, D: 82406889ms, C: false, I: true, N: 0
09-26 11:56:51.223  5610  5610 I Finsky  : [2] abvf.d(37): SCH: ConstraintMapping: 1-1337, 12-1,  -> L: 14448ms, D: 44596794ms, C: false, I: false, N: 1
09-26 11:56:51.238  5610  5610 I Finsky  : [2] abvf.d(37): SCH: ConstraintMapping: 3-4,  -> L: 0ms, D: 86015497ms, C: true, I: false, N: 2
09-26 11:56:51.239  5610 18695 I Finsky  : [850] jmd.a(15): [ContentSync] finished, scheduled=true
09-26 11:56:51.239  5610  5610 I Finsky  : [2] abvf.d(37): SCH: ConstraintMapping: 3-3,  -> L: 0ms, D: 86015305ms, C: false, I: true, N: 2
09-26 11:56:51.239  5610  5610 I Finsky  : [2] abvf.d(37): SCH: ConstraintMapping: 26-1414141414,  -> L: 42796735ms, D: 43696735ms, C: false, I: false, N: 0
09-26 11:56:51.262 18762 18762 I mit.droidbotap: Late-enabling -Xcheck:jni
09-26 11:56:51.262   520   565 W ActivityManager: Slow operation: 145ms so far, now at startProcess: returned from zygote!
09-26 11:56:51.263   520   565 W ActivityManager: Slow operation: 145ms so far, now at startProcess: done updating battery stats
09-26 11:56:51.263   520   565 W ActivityManager: Slow operation: 145ms so far, now at startProcess: building log message
09-26 11:56:51.263   520   565 I ActivityManager: Start proc 18762:io.github.ylimit.droidbotapp/u0a172 for service {io.github.ylimit.droidbotapp/io.github.privacystreams.accessibility.PSAccessibilityService}
09-26 11:56:51.263   520   565 W ActivityManager: Slow operation: 145ms so far, now at startProcess: starting to update pids map
09-26 11:56:51.263   520   565 W ActivityManager: Slow operation: 145ms so far, now at startProcess: done updating pids map
09-26 11:56:51.314 18762 18762 I mit.droidbotap: Unquickening 12 vdex files!
09-26 11:56:51.317 18762 18762 W mit.droidbotap: Unexpected CPU variant for X86 using defaults: x86
09-26 11:56:51.344  1977  2007 I adbd    : jdwp connection from 18762
09-26 11:56:51.361   520   555 W Looper  : Drained
09-26 11:56:51.410  5610  5610 I Finsky  : [2] abvf.f(7): SCH: Cancelling existing jobscheduler jobs: 9004 9003 9000 9002 9005 
09-26 11:56:51.411  5610  5610 I Finsky  : [2] abvf.e(23): SCH: Scheduling job Id: 9001, L: 0, D: 82406889, C: false, I: true, N: 0
09-26 11:56:51.414  5610  5610 I Finsky  : [2] abvf.e(23): SCH: Scheduling job Id: 9006, L: 14448, D: 44596794, C: false, I: false, N: 1
09-26 11:56:51.443 18762 18762 I mit.droidbotap: The ClassLoaderContext is a special shared library.
09-26 11:56:51.449  7539  7717 W ChimeraUtils: Module com.google.android.gms.nearby_en has empty metadata display_name_string_id
09-26 11:56:51.454  5610  5610 I Finsky  : [2] abvf.e(23): SCH: Scheduling job Id: 9007, L: 0, D: 86015497, C: true, I: false, N: 2
09-26 11:56:51.457   520   529 I system_server: Background concurrent copying GC freed 373358(16MB) AllocSpace objects, 116(6460KB) LOS objects, 49% free, 18MB/36MB, paused 1.358ms total 967.362ms
09-26 11:56:51.464  5610  5610 I Finsky  : [2] abvf.e(23): SCH: Scheduling job Id: 9008, L: 0, D: 86015305, C: false, I: true, N: 2
09-26 11:56:51.468  5610  5610 I Finsky  : [2] abvf.e(23): SCH: Scheduling job Id: 9009, L: 42796735, D: 43696735, C: false, I: false, N: 0
09-26 11:56:51.469  7539  7717 W ChimeraUtils: Module com.google.android.gms.nearby_en has empty metadata display_name_string_id
09-26 11:56:51.476  8316  8382 I Icing   : IndexChimeraService.getServiceInterface callingPackage=com.google.android.gms componentName=AppsCorpus serviceId=36
09-26 11:56:51.489  7539  7717 W ChimeraUtils: Module com.google.android.gms.nearby_en has empty metadata display_name_string_id
09-26 11:56:51.528   520   530 W JavaBinder: BinderProxy is being destroyed but the application did not call unlinkToDeath to unlink all of its death recipients beforehand.  Releasing leaked death recipient: com.android.server.AlarmManagerService$2
09-26 11:56:51.528   520   530 I BpBinder: onLastStrongRef automatically unlinking death recipients: <uncached descriptor>
09-26 11:56:51.530   520   530 W JavaBinder: BinderProxy is being destroyed but the application did not call unlinkToDeath to unlink all of its death recipients beforehand.  Releasing leaked death recipient: com.android.server.AlarmManagerService$2
09-26 11:56:51.530   520   530 I BpBinder: onLastStrongRef automatically unlinking death recipients: <uncached descriptor>
09-26 11:56:51.550  8316  5825 W Icing   : No valid account for uploading user actions
09-26 11:56:51.597   520   531 W System  : A resource failed to call close. 
09-26 11:56:51.621 18795 18797 I cmd     : oneway function results will be dropped but finished with status OK and parcel size 4
09-26 11:56:51.636  8316  5825 I Icing   : Usage reports ok 0, Failed Usage reports 0, indexed 0, rejected 0
09-26 11:56:51.664  1977  1977 E adbd    : failed to connect to socket 'tcp:7336': Connection refused
09-26 11:56:51.685  8316  8382 I Icing   : IndexChimeraService.getServiceInterface callingPackage=com.google.android.gms componentName=null serviceId=30
09-26 11:56:51.710  1977  1977 E adbd    : failed to connect to socket 'tcp:7336': Connection refused
09-26 11:56:51.760  7539  7551 I .gms.persisten: Background concurrent copying GC freed 201540(10MB) AllocSpace objects, 23(824KB) LOS objects, 49% free, 12MB/24MB, paused 1.649ms total 297.454ms
09-26 11:56:51.826  8316  5825 W Icing   : No valid account for uploading user actions
09-26 11:56:51.839  8316  5825 I Icing   : Usage reports ok 0, Failed Usage reports 0, indexed 0, rejected 0
09-26 11:56:51.841  8316  5825 I Icing   : Indexing com.google.android.gms-apps from com.google.android.gms
09-26 11:56:51.863  8316  5825 I Icing   : Indexing done com.google.android.gms-apps
09-26 11:56:52.014   180   180 I hwservicemanager: getTransport: Cannot find entry android.hardware.graphics.mapper@4.0::IMapper/default in either framework or device manifest.
09-26 11:56:52.015 18823 18826 I Gralloc4: mapper 4.x is not supported
09-26 11:56:52.050   180   180 I hwservicemanager: getTransport: Cannot find entry android.hardware.graphics.allocator@4.0::IAllocator/default in either framework or device manifest.
09-26 11:56:52.050 18823 18826 W Gralloc4: allocator 3.x is not supported
09-26 11:56:54.099 18839 18845 I cmd     : oneway function results will be dropped but finished with status OK and parcel size 4
09-26 11:56:54.102 18843 18847 I cmd     : oneway function results will be dropped but finished with status OK and parcel size 4
09-26 11:56:54.147 18848 18852 I cmd     : oneway function results will be dropped but finished with status OK and parcel size 4
09-26 11:56:54.222  1347  1347 W KeyboardModeManager: KeyboardModeManager.setInputView():302 setInputView() : inputView = null
09-26 11:56:54.276  1347 18863 I JapaneseMozcExtension: JapaneseMozcExtension.onDestroyServiceInternal():81 onDestroyServiceInternal()
09-26 11:56:54.290  1347  1347 I ProactiveSuggestionsHolderManager: ProactiveSuggestionsHolderManager.destroy():263 trying to destroy ProactiveSuggestionsHolderManager when keyboardViewController is null
09-26 11:56:54.382  1347  1347 E MaestroExtensionImpl: MaestroExtensionImpl.disconnectFromAssistant():478 disconnectFromAssistant() : Client unexpectedly null.
09-26 11:56:54.660 18884 18884 E libc    : Access denied finding property "persist.device_config.runtime_native_boot.profilebootclasspath"
09-26 11:56:54.661 18884 18884 E libc    : Access denied finding property "persist.device_config.runtime_native_boot.enable_apex_image"
09-26 11:56:54.661 18884 18884 I AndroidRuntime: Using default boot image
09-26 11:56:54.661 18884 18884 E libc    : Access denied finding property "persist.device_config.runtime_native_boot.disable_lock_profiling"
09-26 11:56:54.661 18884 18884 I AndroidRuntime: Leaving lock profiling enabled
09-26 11:56:54.661 18884 18884 E libc    : Access denied finding property "persist.device_config.runtime_native_boot.enable_generational_cc"
09-26 11:56:54.665 18884 18884 W app_process: Could not reserve sentinel fault page
09-26 11:56:54.655 18884 18884 W app_process: type=1400 audit(0.0:1700): avc: denied { read } for name="u:object_r:device_config_runtime_native_boot_prop:s0" dev="tmpfs" ino=134 scontext=u:r:shell:s0 tcontext=u:object_r:device_config_runtime_native_boot_prop:s0 tclass=file permissive=0
09-26 11:56:55.251 18884 18884 W app_process: Unexpected CPU variant for X86 using defaults: x86
09-26 11:56:55.254 18884 18884 I app_process: The ClassLoaderContext is a special shared library.
09-26 11:56:55.268 18884 18884 W app_process: JNI RegisterNativeMethods: attempt to register 0 native methods for android.media.AudioAttributes
09-26 11:56:55.807 18921 18921 E libc    : Access denied finding property "persist.device_config.runtime_native_boot.profilebootclasspath"
09-26 11:56:55.808 18921 18921 E libc    : Access denied finding property "persist.device_config.runtime_native_boot.enable_apex_image"
09-26 11:56:55.808 18921 18921 I AndroidRuntime: Using default boot image
09-26 11:56:55.808 18921 18921 E libc    : Access denied finding property "persist.device_config.runtime_native_boot.disable_lock_profiling"
09-26 11:56:55.808 18921 18921 I AndroidRuntime: Leaving lock profiling enabled
09-26 11:56:55.809 18921 18921 E libc    : Access denied finding property "persist.device_config.runtime_native_boot.enable_generational_cc"
09-26 11:56:55.812 18921 18921 W app_process: Could not reserve sentinel fault page
09-26 11:56:55.803 18921 18921 W app_process: type=1400 audit(0.0:1704): avc: denied { read } for name="u:object_r:device_config_runtime_native_boot_prop:s0" dev="tmpfs" ino=134 scontext=u:r:shell:s0 tcontext=u:object_r:device_config_runtime_native_boot_prop:s0 tclass=file permissive=0
09-26 11:56:55.959 18921 18921 W app_process: Unexpected CPU variant for X86 using defaults: x86
09-26 11:56:55.962 18921 18921 I app_process: The ClassLoaderContext is a special shared library.
09-26 11:56:55.974 18921 18921 W app_process: JNI RegisterNativeMethods: attempt to register 0 native methods for android.media.AudioAttributes
09-26 11:56:55.987   520   556 E RemoteAugmentedAutofillService: Bad service name for flags 1048704: com.google.android.as/com.google.android.apps.miphone.aiai.app.AiAiAugmentedAutofillService
09-26 11:56:56.482  8683  8683 I abb     : StartCommandInProcess(73657474696e67730067657400656e61 settings.get.ena [truncated])
09-26 11:56:56.484  8683 14032 I abb     : oneway function results will be dropped but finished with status OK and parcel size 4
09-26 11:56:56.491  8683  8683 I abb     : StartCommandInProcess(7061636b61676500696e7374616c6c00 package.install. [truncated])
09-26 11:56:56.479   520   520 W Binder:520_C: type=1400 audit(0.0:1708): avc: denied { getopt } for scontext=u:r:system_server:s0 tcontext=u:r:shell:s0 tclass=unix_stream_socket permissive=0
09-26 11:56:56.549   520   581 I PackageManager: Integrity check passed for file:///data/app/vmdl1088053130.tmp
09-26 11:56:56.479   520   520 I chatty  : uid=1000(system) Binder:520_3 identical 2 lines
09-26 11:56:56.495   520   520 W Binder:520_C: type=1400 audit(0.0:1711): avc: denied { getopt } for scontext=u:r:system_server:s0 tcontext=u:r:shell:s0 tclass=unix_stream_socket permissive=0
09-26 11:56:56.600   520   581 I PackageDexOptimizer: Running dexopt (dexoptNeeded=1) on: /data/app/~~1Uk9-sPl6CnP7vL7UQXPyw==/com.chessclock.android-BlT8sn-4BPpYqkibmbozqg==/base.apk pkg=com.chessclock.android isa=x86 dexoptFlags=boot_complete,profile_guided,public,enable_hidden_api_checks targetFilter=speed-profile oatDir=/data/app/~~1Uk9-sPl6CnP7vL7UQXPyw==/com.chessclock.android-BlT8sn-4BPpYqkibmbozqg==/oat classLoaderContext=PCL[]{PCL[/system/framework/android.test.base.jar]#PCL[/system/framework/org.apache.http.legacy.jar]}
09-26 11:56:56.622 18957 18957 W dex2oat32: Unexpected CPU variant for X86 using defaults: x86
09-26 11:56:56.622 18957 18957 W dex2oat32: Mismatch between dex2oat instruction set features to use (ISA: X86 Feature string: -ssse3,-sse4.1,-sse4.2,-avx,-avx2,-popcnt) and those from CPP defines (ISA: X86 Feature string: ssse3,-sse4.1,-sse4.2,-avx,-avx2,-popcnt) for the command line:
09-26 11:56:56.622 18957 18957 W dex2oat32: /apex/com.android.art/bin/dex2oat32 --zip-fd=7 --zip-location=base.apk --input-vdex-fd=-1 --output-vdex-fd=9 --oat-fd=8 --oat-location=/data/app/~~1Uk9-sPl6CnP7vL7UQXPyw==/com.chessclock.android-BlT8sn-4BPpYqkibmbozqg==/oat/x86/base.odex --instruction-set=x86 --instruction-set-variant=x86 --instruction-set-features=default --runtime-arg -Xbootclasspath:/apex/com.android.art/javalib/core-oj.jar:/apex/com.android.art/javalib/core-libart.jar:/apex/com.android.art/javalib/core-icu4j.jar:/apex/com.android.art/javalib/okhttp.jar:/apex/com.android.art/javalib/bouncycastle.jar:/apex/com.android.art/javalib/apache-xml.jar:/system/framework/framework.jar:/system/framework/ext.jar:/system/framework/telephony-common.jar:/system/framework/voip-common.jar:/system/framework/ims-common.jar:/system/framework/framework-atb-backward-compatibility.jar --runtime-arg -Xms64m --runtime-arg -Xmx512m --updatable-bcp-packages-file=/system/etc/updatable-bcp-packages.txt --resolve-startup-const-strings=true --max-image-block-size=524288 --compiler-filter=speed-profile --swap-fd=10 --classpath-dir=/data/app/~~1Uk9-sPl6CnP7vL7UQXPyw==/com.chessclock.android-BlT8sn-4BPpYqkibmbozqg== --class-loader-context=PCL[]{PCL[/system/framework/android.test.base.jar]#PCL[/system/framework/org.apache.http.legacy.jar]} --generate-mini-debug-info --compact-dex-level=none --runtime-arg -Xtarget-sdk-version:23 --runtime-arg -Xhidden-api-policy:enabled --compilation-reason=install
09-26 11:56:56.623 18957 18957 I dex2oat32: /apex/com.android.art/bin/dex2oat32 --input-vdex-fd=-1 --output-vdex-fd=9 --updatable-bcp-packages-file=/system/etc/updatable-bcp-packages.txt --resolve-startup-const-strings=true --max-image-block-size=524288 --compiler-filter=speed-profile --classpath-dir=/data/app/~~1Uk9-sPl6CnP7vL7UQXPyw==/com.chessclock.android-BlT8sn-4BPpYqkibmbozqg== --class-loader-context=PCL[]{PCL[/system/framework/android.test.base.jar]#PCL[/system/framework/org.apache.http.legacy.jar]} --generate-mini-debug-info --compact-dex-level=none --compilation-reason=install
09-26 11:56:56.625 18957 18957 I dex2oat32: setting boot class path to /apex/com.android.art/javalib/core-oj.jar:/apex/com.android.art/javalib/core-libart.jar:/apex/com.android.art/javalib/core-icu4j.jar:/apex/com.android.art/javalib/okhttp.jar:/apex/com.android.art/javalib/bouncycastle.jar:/apex/com.android.art/javalib/apache-xml.jar:/system/framework/framework.jar:/system/framework/ext.jar:/system/framework/telephony-common.jar:/system/framework/voip-common.jar:/system/framework/ims-common.jar:/system/framework/framework-atb-backward-compatibility.jar
09-26 11:56:56.703 18957 18957 I dex2oat32: dex2oat took 81.661ms (69.233ms cpu) (threads: 4) arena alloc=2960B (2960B) java alloc=53KB (54648B) native alloc=760KB (779120B) free=1411KB (1445376B)
09-26 11:56:56.715   424 14221 E installd: Couldn't opendir /data/app/vmdl1088053130.tmp: No such file or directory
09-26 11:56:56.715   424 14221 E installd: Failed to delete /data/app/vmdl1088053130.tmp: No such file or directory
09-26 11:56:56.717  8683 14032 I abb     : oneway function results will be dropped but finished with status OK and parcel size 4
09-26 11:56:56.724  1529  1529 I MediaProvider: Invalidating LocalCallingIdentity cache for package com.chessclock.android. Reason: package android.intent.action.PACKAGE_ADDED
09-26 11:56:56.745   520   610 I InputReader: Reconfiguring input devices, changes=KEYBOARD_LAYOUTS | 
09-26 11:56:56.747  3719  3719 I GsaVoiceInteractionSrv: O received Intent { act=android.intent.action.PACKAGE_ADDED dat=package:com.chessclock.android flg=0x4000010 (has extras) }
09-26 11:56:56.748   520   555 I RoleManagerService: Granting default roles...
09-26 11:56:56.749  5610  5610 I Finsky  : [2] ycb.d(13): PackageMonitorReceiverImpl - Received: android.intent.action.PACKAGE_ADDED, [z1hk_-S95kCe-7KNwoO4q5Z9CNiYLYDa2cl_5rx1kf8]
09-26 11:56:56.750  5610  5610 I Finsky  : [2] ydc.g(1): Invalidating cached PackageState for com.chessclock.android
09-26 11:56:56.759   520  1670 W BroadcastQueue: Background execution not allowed: receiving Intent { act=android.intent.action.PACKAGE_ADDED dat=package:com.chessclock.android flg=0x4000010 (has extras) } to com.google.android.packageinstaller/com.android.packageinstaller.PackageInstalledReceiver
09-26 11:56:56.762  5610  5610 I Finsky  : [2] ouk.d(2): Frosting ID looked up on UI thread. Caller should move to a background thread.
09-26 11:56:56.764   520   564 W BroadcastQueue: Background execution not allowed: receiving Intent { act=android.intent.action.PACKAGE_ADDED dat=package:com.chessclock.android flg=0x4000010 (has extras) } to com.android.vending/com.google.android.finsky.packagemanager.impl.PackageMonitorReceiverImpl$RegisteredReceiver
09-26 11:56:56.764   520   564 W BroadcastQueue: Background execution not allowed: receiving Intent { act=android.intent.action.PACKAGE_ADDED dat=package:com.chessclock.android flg=0x4000010 (has extras) } to com.google.android.gms/.games.chimera.GamesSystemBroadcastReceiverProxy
09-26 11:56:56.764   520   564 W BroadcastQueue: Background execution not allowed: receiving Intent { act=android.intent.action.PACKAGE_ADDED dat=package:com.chessclock.android flg=0x4000010 (has extras) } to com.google.android.gms/.gass.chimera.PackageChangeBroadcastReceiver
09-26 11:56:56.764   520   564 W BroadcastQueue: Background execution not allowed: receiving Intent { act=android.intent.action.PACKAGE_ADDED dat=package:com.chessclock.android flg=0x4000010 (has extras) } to com.google.android.gms/.chimera.GmsIntentOperationService$PersistentTrustedReceiver
09-26 11:56:56.765   520   564 W BroadcastQueue: Background execution not allowed: receiving Intent { act=android.intent.action.PACKAGE_ADDED dat=package:com.chessclock.android flg=0x4000010 (has extras) } to com.google.android.googlequicksearchbox/com.google.android.apps.gsa.googlequicksearchbox.GelStubAppWatcher
09-26 11:56:56.765   520   564 W BroadcastQueue: Background execution not allowed: receiving Intent { act=android.intent.action.PACKAGE_ADDED dat=package:com.chessclock.android flg=0x4000010 (has extras) } to com.google.android.ims/.receivers.RcsAutoStartReceiver
09-26 11:56:56.771 13845 13863 I PermissionControllerServiceImpl: Updating user sensitive for uid 10173
09-26 11:56:56.781  5610 18695 I Finsky  : [850] jmd.a(15): [ContentSync] finished, scheduled=false
09-26 11:56:56.783  5610  5610 I Finsky  : [2] alxk.a(3): Do not start WearSupportService due to Wear service optimization
09-26 11:56:56.784   520   520 I Telecom : DefaultDialerCache: Refreshing default dialer for user 0: now com.android.dialer: DDC.oR@AUc
09-26 11:56:56.789  5610  5610 I Finsky  : [2] alxk.a(3): Do not start WearSupportService due to Wear service optimization
09-26 11:56:56.791  5610  5610 I Finsky  : [2] adxl.a(8): Clearing split related stale data.
09-26 11:56:56.793  5610 18697 I Finsky  : [851] gvx.a(12): Asset module storage cleared for package com.chessclock.android.
09-26 11:56:56.798  5610  5610 I Finsky  : [2] ouk.d(2): Frosting ID looked up on UI thread. Caller should move to a background thread.
09-26 11:56:56.817  7539 18964 W GCM     : Unexpected forwarded intent: Intent { act=android.intent.action.PACKAGE_ADDED dat=package:com.chessclock.android flg=0x4000010 pkg=com.google.android.gms cmp=com.google.android.gms/.chimera.PersistentIntentOperationService (has extras) }
09-26 11:56:56.819  7539 18967 W GCM     : Unexpected forwarded intent: Intent { act=android.intent.action.PACKAGE_ADDED dat=package:com.chessclock.android flg=0x4000010 pkg=com.google.android.gms cmp=com.google.android.gms/.chimera.PersistentIntentOperationService (has extras) }
09-26 11:56:56.819  7539 18749 I FontLog : Package com.chessclock.android has no metadata [CONTEXT service_id=132 ]
09-26 11:56:56.832  8316 18965 I Auth    : [SupervisedAccountIntentOperation] onHandleIntent(): android.intent.action.PACKAGE_ADDED
09-26 11:56:56.847  8316 18965 I BlockstoreStorage: Clearing Blockstore Data for package com.chessclock.android [CONTEXT service_id=258 ]
09-26 11:56:56.851  5610 18692 I Finsky  : [849] otx.run(16): Wrote row to frosting DB: 234
09-26 11:56:56.853  8316 18965 I BlockstoreStorage: No metadata found. Skipping deletion. [CONTEXT service_id=258 ]
09-26 11:56:56.906  7539  7741 W ChimeraUtils: Module com.google.android.gms.nearby_en has empty metadata display_name_string_id
09-26 11:56:56.929  5610 18692 I Finsky  : [849] otx.run(16): Wrote row to frosting DB: 235
09-26 11:56:56.935  7539  7741 W ChimeraUtils: Module com.google.android.gms.nearby_en has empty metadata display_name_string_id
09-26 11:56:56.941  7539  7741 W ChimeraUtils: Module com.google.android.gms.nearby_en has empty metadata display_name_string_id
09-26 11:56:56.951 18546 18566 I ProvidersCache: Provider returned no roots. Possibly naughty: com.google.android.apps.docs.storage
09-26 11:56:56.970   520   520 W Looper  : Slow dispatch took 186ms main h=android.app.ActivityThread$H c=android.app.-$$Lambda$LoadedApk$ReceiverDispatcher$Args$_BumDX2UKsnxLVrE6UJsJZkotuA@3707509 m=0
09-26 11:56:56.973   520   520 W Looper  : Slow delivery took 225ms main h=com.android.server.accessibility.AccessibilityManagerService$MainHandler c=<recycled PooledLambda@515812f> m=0
09-26 11:56:56.980   520   520 W Looper  : Drained
09-26 11:56:57.001  8316  1794 I Icing   : Indexing com.google.android.gms-apps from com.google.android.gms
09-26 11:56:57.011  8316  1794 I Icing   : Indexing done com.google.android.gms-apps
09-26 11:56:57.116   520   529 I system_server: Background concurrent copying GC freed 206423(10MB) AllocSpace objects, 68(2784KB) LOS objects, 49% free, 15MB/31MB, paused 1.720ms total 401.499ms
09-26 11:56:57.204 18984 18986 I cmd     : oneway function results will be dropped but finished with status OK and parcel size 4
09-26 11:56:58.001   480   480 E netmgr  : qemu_pipe_open_ns:62: Could not connect to the 'pipe:qemud:network' service: Invalid argument
09-26 11:56:58.001   480   480 E netmgr  : Failed to open QEMU pipe 'qemud:network': Invalid argument
09-26 11:56:58.542   485   485 E wifi_forwarder: qemu_pipe_open_ns:62: Could not connect to the 'pipe:qemud:wififorward' service: Invalid argument
09-26 11:56:58.542   485   485 E wifi_forwarder: RemoteConnection failed to initialize: RemoteConnection failed to open pipe
09-26 11:56:58.573 19000 19002 I cmd     : oneway function results will be dropped but finished with status OK and parcel size 4
09-26 11:56:58.600   178   178 I servicemanager: Since 'apexservice' could not be found, trying to start it as a lazy AIDL service
09-26 11:56:58.705   178   178 I BpBinder: onLastStrongRef automatically unlinking death recipients: <uncached descriptor>
09-26 11:56:58.712   178   178 I servicemanager: Tried to unregister apexservice, but there is about to be a client.
09-26 11:56:58.985 19028 19030 I cmd     : oneway function results will be dropped but finished with status OK and parcel size 4
09-26 11:56:59.098   520  2504 I ActivityManager: Force stopping com.chessclock.android appid=10173 user=0: from pid 19040
09-26 11:56:59.100 19040 19042 I cmd     : oneway function results will be dropped but finished with status OK and parcel size 4
09-26 11:56:59.190 19043 19043 E libc    : Access denied finding property "persist.device_config.runtime_native_boot.profilebootclasspath"
09-26 11:56:59.191 19043 19043 E libc    : Access denied finding property "persist.device_config.runtime_native_boot.enable_apex_image"
09-26 11:56:59.191 19043 19043 I AndroidRuntime: Using default boot image
09-26 11:56:59.191 19043 19043 E libc    : Access denied finding property "persist.device_config.runtime_native_boot.disable_lock_profiling"
09-26 11:56:59.191 19043 19043 I AndroidRuntime: Leaving lock profiling enabled
09-26 11:56:59.191 19043 19043 E libc    : Access denied finding property "persist.device_config.runtime_native_boot.enable_generational_cc"
09-26 11:56:59.183 19043 19043 W app_process: type=1400 audit(0.0:1715): avc: denied { read } for name="u:object_r:device_config_runtime_native_boot_prop:s0" dev="tmpfs" ino=134 scontext=u:r:shell:s0 tcontext=u:object_r:device_config_runtime_native_boot_prop:s0 tclass=file permissive=0
09-26 11:56:59.187 19043 19043 I chatty  : uid=2000(shell) main identical 2 lines
09-26 11:56:59.187 19043 19043 W app_process: type=1400 audit(0.0:1718): avc: denied { read } for name="u:object_r:device_config_runtime_native_boot_prop:s0" dev="tmpfs" ino=134 scontext=u:r:shell:s0 tcontext=u:object_r:device_config_runtime_native_boot_prop:s0 tclass=file permissive=0
09-26 11:56:59.358 19043 19043 W app_process: Unexpected CPU variant for X86 using defaults: x86
09-26 11:56:59.360 19043 19043 I app_process: The ClassLoaderContext is a special shared library.
09-26 11:56:59.380 19043 19043 W app_process: JNI RegisterNativeMethods: attempt to register 0 native methods for android.media.AudioAttributes
09-26 11:56:59.403   520   556 I ActivityTaskManager: START u0 {act=android.intent.action.MAIN cat=[android.intent.category.HOME] flg=0x10000100 cmp=com.google.android.apps.nexuslauncher/.NexusLauncherActivity (has extras)} from uid 0
09-26 11:56:59.416   417   417 I perfetto: ing_service_impl.cc:758 Configured tracing session 75, #sources:1, duration:5000 ms, #buffers:1, total buffer size:4096 KB, total sessions:1, uid:1071 session name: ""
09-26 11:56:59.420   413   413 I perfetto: probes_producer.cc:230  Ftrace setup (target_buf=75)
09-26 11:56:59.514   413   413 I perfetto: ftrace_procfs.cc:176    enabled ftrace
09-26 11:56:59.736   178   178 I servicemanager: Notifying apexservice they have clients: 1
09-26 11:57:01.078 19101 19103 I cmd     : oneway function results will be dropped but finished with status OK and parcel size 4
09-26 11:57:01.370 19128 19130 I cmd     : oneway function results will be dropped but finished with status OK and parcel size 4
09-26 11:57:01.522   520   531 W System  : A resource failed to call release. 
09-26 11:57:01.839   520   819 I ActivityTaskManager: START u0 {act=android.intent.action.MAIN cat=[android.intent.category.LAUNCHER] flg=0x10000000 cmp=com.chessclock.android/.ChessClock} from uid 2000
09-26 11:57:01.522   520   531 I chatty  : uid=1000(system) FinalizerDaemon identical 1 line
09-26 11:57:01.522   520   531 W System  : A resource failed to call release. 
09-26 11:57:01.844   417   417 I perfetto: ing_service_impl.cc:758 Configured tracing session 76, #sources:1, duration:5000 ms, #buffers:1, total buffer size:4096 KB, total sessions:2, uid:1071 session name: ""
09-26 11:57:01.846   413   413 I perfetto: probes_producer.cc:230  Ftrace setup (target_buf=76)
09-26 11:57:01.856 19169 19171 I cmd     : oneway function results will be dropped but finished with status OK and parcel size 4
09-26 11:57:01.908   520   565 I ActivityManager: Start proc 19177:com.chessclock.android/u0a173 for pre-top-activity {com.chessclock.android/com.chessclock.android.ChessClock}
09-26 11:57:01.912 19177 19177 W ssclock.androi: Unexpected CPU variant for X86 using defaults: x86
09-26 11:57:01.920 19177 19177 E ssclock.androi: Not starting debugger since process cannot load the jdwp agent.
09-26 11:57:01.937   520   554 W InputReader: Device virtio_input_multi_touch_9 is associated with display ADISPLAY_ID_NONE.
09-26 11:57:01.937   520   554 W InputReader: Device virtio_input_multi_touch_7 is associated with display ADISPLAY_ID_NONE.
09-26 11:57:01.937   520   554 W InputReader: Device virtio_input_multi_touch_10 is associated with display ADISPLAY_ID_NONE.
09-26 11:57:01.937   520   554 W InputReader: Device virtio_input_multi_touch_4 is associated with display ADISPLAY_ID_NONE.
09-26 11:57:01.937   520   554 W InputReader: Device virtio_input_multi_touch_11 is associated with display ADISPLAY_ID_NONE.
09-26 11:57:01.937   520   554 W InputReader: Device virtio_input_multi_touch_6 is associated with display ADISPLAY_ID_NONE.
09-26 11:57:01.937   520   554 W InputReader: Device virtio_input_multi_touch_3 is associated with display ADISPLAY_ID_NONE.
09-26 11:57:01.938   520   554 W InputReader: Device virtio_input_multi_touch_5 is associated with display ADISPLAY_ID_NONE.
09-26 11:57:01.938   520   554 W InputReader: Device virtio_input_multi_touch_2 is associated with display ADISPLAY_ID_NONE.
09-26 11:57:01.938   520   554 W InputReader: Device virtio_input_multi_touch_8 is associated with display ADISPLAY_ID_NONE.
09-26 11:57:01.938   520   554 W InputReader: Device virtio_input_multi_touch_9 is associated with display ADISPLAY_ID_NONE.
09-26 11:57:01.938   520   554 W InputReader: Device virtio_input_multi_touch_7 is associated with display ADISPLAY_ID_NONE.
09-26 11:57:01.939   520   554 W InputReader: Device virtio_input_multi_touch_10 is associated with display ADISPLAY_ID_NONE.
09-26 11:57:01.939   520   554 W InputReader: Device virtio_input_multi_touch_4 is associated with display ADISPLAY_ID_NONE.
09-26 11:57:01.939   520   554 W InputReader: Device virtio_input_multi_touch_11 is associated with display ADISPLAY_ID_NONE.
09-26 11:57:01.939   520   554 W InputReader: Device virtio_input_multi_touch_6 is associated with display ADISPLAY_ID_NONE.
09-26 11:57:01.939   520   554 W InputReader: Device virtio_input_multi_touch_3 is associated with display ADISPLAY_ID_NONE.
09-26 11:57:01.939   520   554 W InputReader: Device virtio_input_multi_touch_5 is associated with display ADISPLAY_ID_NONE.
09-26 11:57:01.939   520   554 W InputReader: Device virtio_input_multi_touch_2 is associated with display ADISPLAY_ID_NONE.
09-26 11:57:01.939   520   554 W InputReader: Device virtio_input_multi_touch_8 is associated with display ADISPLAY_ID_NONE.
09-26 11:57:02.034 19177 19177 I ssclock.androi: The ClassLoaderContext is a special shared library.
09-26 11:57:02.120 19207 19208 I cmd     : oneway function results will be dropped but finished with status OK and parcel size 4
09-26 11:57:02.167   520   819 I system_server: oneway function results will be dropped but finished with status OK and parcel size 4
09-26 11:57:02.167   520   819 I system_server: oneway function results will be dropped but finished with status OK and parcel size 4
09-26 11:57:02.169   520   554 I system_server: oneway function results will be dropped but finished with status OK and parcel size 4
09-26 11:57:02.169   520   554 I system_server: oneway function results will be dropped but finished with status OK and parcel size 4
09-26 11:57:03.175 19238 19239 I cmd     : oneway function results will be dropped but finished with status OK and parcel size 4
09-26 11:57:03.359   180   180 I hwservicemanager: getTransport: Cannot find entry android.hardware.graphics.mapper@4.0::IMapper/default in either framework or device manifest.
09-26 11:57:03.359 19177 19177 I Gralloc4: mapper 4.x is not supported
09-26 11:57:03.519   375   512 W ServiceManager: Permission failure: android.permission.ACCESS_SURFACE_FLINGER from uid=10173 pid=19177
09-26 11:57:03.545   520   563 I ActivityTaskManager: Displayed com.chessclock.android/.ChessClock: +1s698ms
09-26 11:57:03.713  7557 19264 I PBSessionCacheImpl: Deleted sessionId[33237669603991828] from persistence.
09-26 11:57:03.739 19262 19266 I cmd     : oneway function results will be dropped but finished with status OK and parcel size 4
09-26 11:57:03.786  7557  7667 W SearchServiceCore: Abort, client detached.
09-26 11:57:03.811  7557  7667 I MicroDetectionState: Should stop hotword detection immediately - false
09-26 11:57:04.194 19294 19297 I cmd     : oneway function results will be dropped but finished with status OK and parcel size 4
09-26 11:57:04.355 19316 19318 I cmd     : oneway function results will be dropped but finished with status OK and parcel size 4
09-26 11:57:04.423   413   413 I perfetto: probes_producer.cc:329  Producer stop (id=75)
09-26 11:57:04.425   417   417 I perfetto: ng_service_impl.cc:1948 Tracing session 75 ended, total sessions:1
09-26 11:57:04.644   520   531 W System  : A resource failed to call release. 
09-26 11:57:04.644   520   531 I chatty  : uid=1000(system) FinalizerDaemon identical 1 line
09-26 11:57:04.644   520   531 W System  : A resource failed to call release. 
09-26 11:57:04.707 19345 19347 I cmd     : oneway function results will be dropped but finished with status OK and parcel size 4
09-26 11:57:04.736   178   178 I servicemanager: Notifying apexservice they have clients: 0
09-26 11:57:04.744   178   178 I BpBinder: onLastStrongRef automatically unlinking death recipients: <uncached descriptor>
09-26 11:57:04.863 19361 19363 I cmd     : oneway function results will be dropped but finished with status OK and parcel size 4
09-26 11:57:05.002 19376 19378 I cmd     : oneway function results will be dropped but finished with status OK and parcel size 4
09-26 11:57:05.143 19391 19393 I cmd     : oneway function results will be dropped but finished with status OK and parcel size 4
09-26 11:57:05.173   520   554 I system_server: oneway function results will be dropped but finished with status OK and parcel size 4
09-26 11:57:05.177   520   819 I system_server: oneway function results will be dropped but finished with status OK and parcel size 4
09-26 11:57:05.350 19405 19405 E libc    : Access denied finding property "persist.device_config.runtime_native_boot.profilebootclasspath"
09-26 11:57:05.350 19405 19405 E libc    : Access denied finding property "persist.device_config.runtime_native_boot.enable_apex_image"
09-26 11:57:05.350 19405 19405 I AndroidRuntime: Using default boot image
09-26 11:57:05.350 19405 19405 E libc    : Access denied finding property "persist.device_config.runtime_native_boot.disable_lock_profiling"
09-26 11:57:05.350 19405 19405 I AndroidRuntime: Leaving lock profiling enabled
09-26 11:57:05.351 19405 19405 E libc    : Access denied finding property "persist.device_config.runtime_native_boot.enable_generational_cc"
09-26 11:57:05.347 19405 19405 W app_process: type=1400 audit(0.0:1719): avc: denied { read } for name="u:object_r:device_config_runtime_native_boot_prop:s0" dev="tmpfs" ino=134 scontext=u:r:shell:s0 tcontext=u:object_r:device_config_runtime_native_boot_prop:s0 tclass=file permissive=0
09-26 11:57:05.465 19405 19405 W app_process: Unexpected CPU variant for X86 using defaults: x86
09-26 11:57:05.467 19405 19405 I app_process: The ClassLoaderContext is a special shared library.
09-26 11:57:05.478 19405 19405 W app_process: JNI RegisterNativeMethods: attempt to register 0 native methods for android.media.AudioAttributes
09-26 11:57:05.755 19425 19427 I cmd     : oneway function results will be dropped but finished with status OK and parcel size 4
09-26 11:57:05.787   520   819 I system_server: oneway function results will be dropped but finished with status OK and parcel size 4
09-26 11:57:05.787   520  2504 I system_server: oneway function results will be dropped but finished with status OK and parcel size 4
09-26 11:57:05.789   520  2504 I system_server: oneway function results will be dropped but finished with status OK and parcel size 4
09-26 11:57:05.953   520   819 I system_server: oneway function results will be dropped but finished with status OK and parcel size 4
09-26 11:57:06.059   520   520 W Looper  : Slow dispatch took 114ms main h=com.android.server.job.JobSchedulerService$JobHandler c=null m=1
09-26 11:57:06.078  7539 31298 I NetworkScheduler.Stats: Task com.google.android.gms/com.google.android.gms.backup.extension.download.CustomBackupDownloadStarterTask started execution. cause:4 exec_start_elapsed_seconds: 6092 [CONTEXT service_id=218 ]
09-26 11:57:06.081  5610  5610 I Finsky  : [2] abyu.onStartJob(3): SCH: onJobSchedulerWakeup with jobId 9006
09-26 11:57:06.082  8316 18421 W ChimeraUtils: Module com.google.android.gms.backup_extension has empty metadata display_name_string_id
09-26 11:57:06.090  8316 18421 W ChimeraUtils: Module com.google.android.gms.backup_extension has empty metadata display_name_string_id
09-26 11:57:06.092  5610  5610 I Finsky  : [2] abtz.a(9): SCH: Scheduling fallback job with id: 9034, and delay: 43200000 ms
09-26 11:57:06.162  5610  5610 I Finsky  : [2] abtz.b(9): SCH: Scheduling fallback in 64799996 (absolute: 70892944)
09-26 11:57:06.179  7539 31297 I NetworkScheduler.Stats: Task com.google.android.gms/com.google.android.gms.backup.extension.download.CustomBackupDownloadStarterTask finished executing. cause:4 result: 2 elapsed_millis: 134 uptime_millis: 134 exec_start_elapsed_seconds: 6092 [CONTEXT service_id=218 ]
09-26 11:57:06.218  5610  5610 I Finsky  : [2] abui.handleMessage(8): SCH: DeviceState: DeviceState{currentTime=1632621426211, isCharging=false, isIdle=false, netAny=true, netNotRoaming=true, netUnmetered=true, batteryPercent=100.0}
09-26 11:57:06.248  5610 18695 I Finsky  : [850] abwt.b(5): SCH: Jobs in database: 1-1337 3-3 3-4 12-1 24-77777777 26-1414141414 
09-26 11:57:06.259  5610  5610 I Finsky  : [2] abuj.b(10): SCH: Running job: 12-1
09-26 11:57:06.261  5610  5610 I Finsky  : [2] ContentSyncJob.r(1): [ContentSync] job started
09-26 11:57:06.268  5610  5610 I Finsky  : [2] abui.handleMessage(68): SCH: RunningQueue size: 1, PendingQueue size: 0
09-26 11:57:06.274  5610  5610 I Finsky  : [2] abuj.p(3): SCH: Running queue: 12-1 
09-26 11:57:06.336   306  9466 W android.hardware.audio.service.ranchu: TinyalsaSink::write:125 pcm_write was late reading frames, dropping 22131 us of audio
09-26 11:57:06.375   306  9466 W android.hardware.audio.service.ranchu: TinyalsaSink::write:125 pcm_write was late reading frames, dropping 22131 us of audio
09-26 11:57:06.420  5610 19440 I Finsky  : [859] glv.b(1): Completed 0 account content syncs with 0 successful.
09-26 11:57:06.420  5610  5610 I Finsky  : [2] ContentSyncJob.a(1): [ContentSync] Installation state replication succeeded.
09-26 11:57:06.420  5610  5610 I Finsky  : [2] abvs.n(4): SCH: jobFinished: 12-1. TimeElapsed: 161ms.
09-26 11:57:06.420  5610  5610 I Finsky  : [2] abuj.e(4): SCH: Job 12-1 finished. Not rescheduling.
09-26 11:57:06.421  5610  5610 I Finsky  : [2] abui.handleMessage(68): SCH: RunningQueue size: 0, PendingQueue size: 0
09-26 11:57:06.421  5610  5610 I Finsky  : [2] abui.handleMessage(26): SCH: Executor finished
09-26 11:57:06.438  5610  5610 I Finsky  : [2] abwt.b(5): SCH: Jobs in database: 1-1337 3-3 3-4 24-77777777 26-1414141414 
09-26 11:57:06.439  5610  5610 I Finsky  : [2] abvf.d(37): SCH: ConstraintMapping: 24-77777777,  -> L: 0ms, D: 82391668ms, C: false, I: true, N: 0
09-26 11:57:06.439  5610  5610 I Finsky  : [2] abvf.d(37): SCH: ConstraintMapping: 1-1337,  -> L: 13981405ms, D: 44581571ms, C: false, I: false, N: 1
09-26 11:57:06.439  5610  5610 I Finsky  : [2] abvf.d(37): SCH: ConstraintMapping: 3-4,  -> L: 0ms, D: 86000275ms, C: true, I: false, N: 2
09-26 11:57:06.439  5610  5610 I Finsky  : [2] abvf.d(37): SCH: ConstraintMapping: 3-3,  -> L: 0ms, D: 86000083ms, C: false, I: true, N: 2
09-26 11:57:06.439  5610  5610 I Finsky  : [2] abvf.d(37): SCH: ConstraintMapping: 26-1414141414,  -> L: 42781514ms, D: 43681514ms, C: false, I: false, N: 0
09-26 11:57:06.450   306  9466 W android.hardware.audio.service.ranchu: TinyalsaSink::write:125 pcm_write was late reading frames, dropping 22131 us of audio
09-26 11:57:06.471   306  9466 W android.hardware.audio.service.ranchu: TinyalsaSink::write:125 pcm_write was late reading frames, dropping 22131 us of audio
